// Jest Snapshot v1, https://goo.gl/fbAQLP

exports[`Test snapshot 1`] = `
<Fragment>
  <PageSection>
    <Bullseye>
      <EmptyState
        variant="full"
      >
        <EmptyStateIcon
          icon={[Function]}
        />
        <Title
          headingLevel="h5"
          size="lg"
        >
          Error 403 Forbidden! The web page (or other resource) that you're trying to open in your web browser is a resource that you're not allowed to access.
        </Title>
      </EmptyState>
    </Bullseye>
  </PageSection>
</Fragment>
`;
